======================================================================
DUNGEONASSISTANT - PHASE 1: LOCAL ANALYSIS INTEGRATION
======================================================================
Backend URL: http://localhost:8000
Timeout: 10s

[94m[TEST][0m Health Check - Backend Running
[91m[ERROR][0m Health Check - Backend Running: HTTPConnectionPool(host='localhost', port=8000): Read timed out. (read timeout=10)

[94m[TEST][0m Local Search: Items (sword)
[91m[ERROR][0m Local Search: Items (sword): HTTPConnectionPool(host='localhost', port=8000): Read timed out. (read timeout=10)

[94m[TEST][0m Local Analysis: Note with Items
[91m[ERROR][0m Local Analysis: Note with Items: HTTPConnectionPool(host='localhost', port=8000): Read timed out. (read timeout=10)

[94m[TEST][0m Local Analysis: Complex Note
[91m[ERROR][0m Local Analysis: Complex Note: HTTPConnectionPool(host='localhost', port=8000): Read timed out. (read timeout=10)

[94m[TEST][0m Local Analysis: NPC Detection
[91m[ERROR][0m Local Analysis: NPC Detection: HTTPConnectionPool(host='localhost', port=8000): Read timed out. (read timeout=10)

[94m[TEST][0m Autocomplete: Fuzzy Matching
[91m[ERROR][0m Autocomplete: Fuzzy Matching: HTTPConnectionPool(host='localhost', port=8000): Read timed out. (read timeout=10)

[94m[TEST][0m Performance: Local Analysis < 500ms
[91m[ERROR][0m Performance: Local Analysis < 500ms: HTTPConnectionPool(host='localhost', port=8000): Read timed out. (read timeout=10)

[94m[TEST][0m Integration: Multiple Categories
[91m[ERROR][0m Integration: Multiple Categories: HTTPConnectionPool(host='localhost', port=8000): Read timed out. (read timeout=10)

======================================================================
TEST SUMMARY
======================================================================

[92mToken Savings: 40% reduction (-1400 tokens/note)[0m
Local items detection: [92mNO TOKENS[0m
Gemini reserved for: NPC detection, context analysis

======================================================================
